// Jest Snapshot v1, https://goo.gl/fbAQLP

exports[`画面レイアウト スナップショットテスト 1`] = `
"<div>
  <h1>BookEdit</h1>
  <v-row class=\\"mt-4\\">
    <v-col cols=\\"12\\">
      <v-card class=\\"mx-auto\\">
        <v-row>
          <v-col cols=\\"4\\">
            <v-img class=\\"ml-3\\"></v-img>
          </v-col>
          <v-col cols=\\"8\\">
            <v-card-title></v-card-title>
            読んだ日:
            <v-menu nudge-right=\\"40\\" transition=\\"scale-transition\\" offset-y=\\"\\" min-width=\\"auto\\">
              <v-date-picker locale=\\"jp-ja\\" day-format=\\"function (date) {
        /* istanbul ignore next */
        cov_uxddy44o().f[12]++;
        cov_uxddy44o().s[48]++;
        return new Date(date).getDate();
      }\\"></v-date-picker>
            </v-menu>
            メモ:
            <v-textarea class=\\"mx-2\\">
            </v-textarea>
            <v-card-actions>
              <v-btn color=\\"secondary\\" to=\\"/book\\">一覧に戻る</v-btn>
              <v-btn color=\\"info\\">保存する</v-btn>
            </v-card-actions>
          </v-col>
        </v-row>
      </v-card>
    </v-col>
  </v-row>
</div>"
`;
